2025-03-15 19:03:53,328 - reports: calculate_date_range - INFO: Начата функция получение дат: до 2025-03-11, от 90 назад
2025-03-15 19:03:53,330 - reports: calculate_date_range - INFO: Дата преобразована datetime
2025-03-15 19:03:53,330 - reports: calculate_date_range - INFO: Возвращаем диапазон дат: до 2025-03-11 00:00:00, от 2024-12-11 00:00:00 (на 90 дней назад)
2025-03-15 19:03:53,331 - reports: calculate_date_range - INFO: Начата функция получение дат: до 2025-03-11, от 10 назад
2025-03-15 19:03:53,332 - reports: calculate_date_range - INFO: Дата преобразована datetime
2025-03-15 19:03:53,332 - reports: calculate_date_range - INFO: Возвращаем диапазон дат: до 2025-03-11 00:00:00, от 2025-03-01 00:00:00 (на 10 дней назад)
2025-03-15 19:03:53,333 - reports: calculate_date_range - INFO: Начата функция получение дат: до 2025-03-11, от 30 назад
2025-03-15 19:03:53,333 - reports: calculate_date_range - INFO: Дата преобразована datetime
2025-03-15 19:03:53,333 - reports: calculate_date_range - INFO: Возвращаем диапазон дат: до 2025-03-11 00:00:00, от 2025-02-09 00:00:00 (на 30 дней назад)
2025-03-15 19:03:53,337 - reports: calculate_date_range - INFO: Начата функция получение дат: до None, от 90 назад
2025-03-15 19:03:53,337 - reports: calculate_date_range - INFO: Дата не указана, принимается текущая дата(datetime)
2025-03-15 19:03:53,337 - reports: calculate_date_range - INFO: Возвращаем диапазон дат: до <MagicMock name='datetime()' id='2903263803920'>, от <MagicMock name='datetime().__sub__()' id='2903263804928'> (на 90 дней назад)
2025-03-15 19:03:53,340 - reports: spending_by_category - INFO: Функция фильтрации DataFrame по Аптеки началась
2025-03-15 19:03:53,340 - reports: calculate_date_range - INFO: Начата функция получение дат: до None, от 90 назад
2025-03-15 19:03:53,340 - reports: calculate_date_range - INFO: Дата не указана, принимается текущая дата(datetime)
2025-03-15 19:03:53,340 - reports: calculate_date_range - INFO: Возвращаем диапазон дат: до 2025-03-15 19:03:53.340577, от 2024-12-15 19:03:53.340577 (на 90 дней назад)
2025-03-15 19:03:53,340 - reports: spending_by_category - ERROR: DataFrame должен содержать столбцы: ['Статус']
2025-03-15 19:03:53,343 - reports: spending_by_weekday - INFO: Функция получение средних трат на каждый день недели по 2018-05-10 началась
2025-03-15 19:03:53,346 - reports: spending_by_weekday - INFO: DataFrame отфильтрован по столбцам: ['Дата операции', 'Статус', 'Сумма платежа']
2025-03-15 19:03:53,351 - reports: spending_by_weekday - INFO: Функция получение средних трат на каждый день недели, c преобразованием в JSON - завершена успешно
2025-03-15 19:03:53,355 - reports: spending_by_weekday - INFO: Функция получение средних трат на каждый день недели по 2018-06-15 началась
2025-03-15 19:03:53,357 - reports: spending_by_weekday - INFO: DataFrame отфильтрован по столбцам: ['Дата операции', 'Статус', 'Сумма платежа']
2025-03-15 19:03:53,359 - reports: spending_by_weekday - INFO: Функция получение средних трат на каждый день недели, c преобразованием в JSON - завершена успешно
2025-03-15 19:03:53,362 - reports: spending_by_weekday - INFO: Функция получение средних трат на каждый день недели по None началась
2025-03-15 19:03:53,364 - reports: spending_by_weekday - INFO: DataFrame отфильтрован по столбцам: ['Дата операции', 'Статус', 'Сумма платежа']
2025-03-15 19:03:53,367 - reports: spending_by_weekday - INFO: Функция получение средних трат на каждый день недели, c преобразованием в JSON - завершена успешно
2025-03-15 19:03:53,369 - reports: spending_by_weekday - INFO: Функция получение средних трат на каждый день недели по 2018-06-15 началась
2025-03-15 19:03:53,369 - reports: calculate_date_range - INFO: Начата функция получение дат: до 2018-06-15, от 90 назад
2025-03-15 19:03:53,369 - reports: calculate_date_range - INFO: Дата преобразована datetime
2025-03-15 19:03:53,370 - reports: calculate_date_range - INFO: Возвращаем диапазон дат: до 2018-06-15 00:00:00, от 2018-03-17 00:00:00 (на 90 дней назад)
2025-03-15 19:03:53,370 - reports: spending_by_weekday - ERROR: DataFrame должен содержать столбцы: ['Статус']
2025-03-15 19:03:53,372 - reports: spending_by_category - INFO: Функция фильтрации DataFrame по ООО ДОМ началась
2025-03-15 19:03:53,375 - reports: spending_by_category - INFO: DataFrame отфильтрован по столбцам: ['Дата операции', 'Статус', 'Сумма платежа', 'Категория']
2025-03-15 19:03:53,376 - reports: spending_by_category - INFO: Функция фильтрации DataFrame c преобразованием в JSON - завершена успешно
2025-03-15 19:03:53,379 - reports: spending_by_category - INFO: Функция фильтрации DataFrame по Аптеки началась
2025-03-15 19:03:53,382 - reports: spending_by_category - INFO: DataFrame отфильтрован по столбцам: ['Дата операции', 'Статус', 'Сумма платежа', 'Категория']
2025-03-15 19:03:53,383 - reports: spending_by_category - INFO: Функция фильтрации DataFrame c преобразованием в JSON - завершена успешно
2025-03-15 19:03:53,386 - reports: spending_by_category - INFO: Функция фильтрации DataFrame по Аптеки началась
2025-03-15 19:03:53,389 - reports: spending_by_category - INFO: DataFrame отфильтрован по столбцам: ['Дата операции', 'Статус', 'Сумма платежа', 'Категория']
2025-03-15 19:03:53,390 - reports: spending_by_category - INFO: Функция фильтрации DataFrame c преобразованием в JSON - завершена успешно
2025-03-15 19:03:53,392 - reports: spending_by_workday - INFO: Функция получение средних трат на рабочие и выходные по 2018-05-10 началась
2025-03-15 19:03:53,395 - reports: spending_by_workday - INFO: DataFrame отфильтрован по столбцам: ['Дата операции', 'Статус', 'Сумма платежа']
2025-03-15 19:03:53,396 - reports: spending_by_workday - INFO: Функция получение средних трат на рабочие и выходные, c преобразованием в JSON - завершена успешно
2025-03-15 19:03:53,399 - reports: spending_by_workday - INFO: Функция получение средних трат на рабочие и выходные по 2018-06-15 началась
2025-03-15 19:03:53,401 - reports: spending_by_workday - INFO: DataFrame отфильтрован по столбцам: ['Дата операции', 'Статус', 'Сумма платежа']
2025-03-15 19:03:53,403 - reports: spending_by_workday - INFO: Функция получение средних трат на рабочие и выходные, c преобразованием в JSON - завершена успешно
2025-03-15 19:03:53,406 - reports: spending_by_workday - INFO: Функция получение средних трат на рабочие и выходные по None началась
2025-03-15 19:03:53,408 - reports: spending_by_workday - INFO: DataFrame отфильтрован по столбцам: ['Дата операции', 'Статус', 'Сумма платежа']
2025-03-15 19:03:53,409 - reports: spending_by_workday - INFO: Функция получение средних трат на рабочие и выходные, c преобразованием в JSON - завершена успешно
2025-03-15 19:03:53,411 - reports: spending_by_workday - INFO: Функция получение средних трат на рабочие и выходные по 2018-06-15 началась
2025-03-15 19:03:53,411 - reports: calculate_date_range - INFO: Начата функция получение дат: до 2018-06-15, от 90 назад
2025-03-15 19:03:53,412 - reports: calculate_date_range - INFO: Дата преобразована datetime
2025-03-15 19:03:53,412 - reports: calculate_date_range - INFO: Возвращаем диапазон дат: до 2018-06-15 00:00:00, от 2018-03-17 00:00:00 (на 90 дней назад)
2025-03-15 19:03:53,412 - reports: spending_by_workday - ERROR: DataFrame должен содержать столбцы: ['Статус']
