2025-03-15 19:03:53,414 - services: get_profitable_cashback - INFO: Функция получения, сколько на каждой категории можно заработать кешбэка по категориям начата
2025-03-15 19:03:53,420 - services: get_profitable_cashback - INFO: Функция получения, сколько на каждой категории можно заработать кешбэка (10.0%) по категориям выполнена
2025-03-15 19:03:53,422 - services: get_profitable_cashback - INFO: Функция получения, сколько на каждой категории можно заработать кешбэка по категориям начата
2025-03-15 19:03:53,426 - services: get_profitable_cashback - INFO: Функция получения, сколько на каждой категории можно заработать кешбэка (10.0%) по категориям выполнена
2025-03-15 19:03:53,428 - services: get_profitable_cashback - INFO: Функция получения, сколько на каждой категории можно заработать кешбэка по категориям начата
2025-03-15 19:03:53,428 - services: get_profitable_cashback - ERROR: DataFrame должен содержать столбцы: ['Статус', 'Сумма платежа']
2025-03-15 19:03:53,430 - services: get_profitable_cashback - INFO: Функция получения, сколько на каждой категории можно заработать кешбэка по категориям начата
2025-03-15 19:03:53,434 - services: get_profitable_cashback - WARNING: Отфильтрованные данные пустые
2025-03-15 19:03:53,436 - services: investment_bank - INFO: Функция суммы возможных накоплений в 'Инвесткопилку' d 2018-05, с выводом в JSON - началась.
2025-03-15 19:03:53,437 - services: investment_bank - INFO: Фильтрует транзакции с 2018-05-01 00:00:00 по 2018-05-31 23:59:59, только расходы, со статусом 'OK', кроме 'Переводы'
2025-03-15 19:03:53,437 - services: investment_bank - INFO: Суммирует всех трат кратные '50'
2025-03-15 19:03:53,437 - services: investment_bank - INFO: Функция суммы возможных накоплений в 'Инвесткопилку' в 2018-05, с выводом в JSON - выполнена.
2025-03-15 19:03:53,439 - services: investment_bank - INFO: Функция суммы возможных накоплений в 'Инвесткопилку' d 2018-05, с выводом в JSON - началась.
2025-03-15 19:03:53,439 - services: investment_bank - INFO: Фильтрует транзакции с 2018-05-01 00:00:00 по 2018-05-31 23:59:59, только расходы, со статусом 'OK', кроме 'Переводы'
2025-03-15 19:03:53,439 - services: investment_bank - INFO: Суммирует всех трат кратные '100'
2025-03-15 19:03:53,439 - services: investment_bank - INFO: Функция суммы возможных накоплений в 'Инвесткопилку' в 2018-05, с выводом в JSON - выполнена.
2025-03-15 19:03:53,440 - services: investment_bank - INFO: Функция суммы возможных накоплений в 'Инвесткопилку' d 2018-06, с выводом в JSON - началась.
2025-03-15 19:03:53,440 - services: investment_bank - INFO: Фильтрует транзакции с 2018-06-01 00:00:00 по 2018-06-30 23:59:59, только расходы, со статусом 'OK', кроме 'Переводы'
2025-03-15 19:03:53,441 - services: investment_bank - INFO: Суммирует всех трат кратные '50'
2025-03-15 19:03:53,441 - services: investment_bank - INFO: Функция суммы возможных накоплений в 'Инвесткопилку' в 2018-06, с выводом в JSON - выполнена.
2025-03-15 19:03:53,442 - services: investment_bank - INFO: Функция суммы возможных накоплений в 'Инвесткопилку' d 2018-05, с выводом в JSON - началась.
2025-03-15 19:03:53,442 - services: investment_bank - INFO: Фильтрует транзакции с 2018-05-01 00:00:00 по 2018-05-31 23:59:59, только расходы, со статусом 'OK', кроме 'Переводы'
2025-03-15 19:03:53,442 - services: investment_bank - ERROR: Отсутствует необходимый ключ в словаре: 'Категория'
2025-03-15 19:03:53,444 - services: simple_search - INFO: Функция поиска с фильтрацией 'Магнит' в Описание и Категория - началась.
2025-03-15 19:03:53,444 - services: simple_search - INFO: Функция поиска с фильтрацией 'Магнит' в Описание и Категория - выполнена.
2025-03-15 19:03:53,445 - services: search_by_phone - INFO: Функция поиска и фильтрации с наличием мобильных номеров - началась.
2025-03-15 19:03:53,446 - services: search_by_phone - INFO: Функция поиска и фильтрации с наличием мобильных номеров - выполнена.
2025-03-15 19:03:53,447 - services: search_transfers_to_individuals - INFO: Функция поиска переводов физическим лицам - началась.
2025-03-15 19:03:53,447 - services: search_transfers_to_individuals - INFO: Функция поиска переводов физическим лицам - выполнена.
