2025-03-15 19:03:53,587 - views: get_views_home - INFO: Функция получение JSON файла главной страницы - начата
2025-03-15 19:03:53,587 - views: get_views_home - INFO: Использует функцию src.utils.validate_and_format_date
2025-03-15 19:03:53,588 - views: get_views_home - INFO: Использует функцию src.utils.get_transactions_from_excel
2025-03-15 19:03:53,588 - views: get_views_home - INFO: Использует функцию src.utils.get_user_settings_from_json
2025-03-15 19:03:53,589 - views: get_views_home - INFO: Использует функцию src.utils.filter_operations_by_month_and_date
2025-03-15 19:03:53,591 - views: get_views_home - INFO: Использует функцию src.utils.greeting_from_time_to_time
2025-03-15 19:03:53,591 - views: get_views_home - INFO: Использует функцию src.utils.generate_card_report
2025-03-15 19:03:53,591 - views: get_views_home - INFO: Использует функцию src.utils.generator_top_five_transactions
2025-03-15 19:03:53,591 - views: get_views_home - INFO: Использует функцию src.utils.get_currencies_rates_in_rub
2025-03-15 19:03:53,591 - views: get_views_home - INFO: Использует функцию src.utils.get_stocks_in_usd
2025-03-15 19:03:53,592 - views: get_views_home - INFO: Функция получение JSON файла главной страницы - выполнена
2025-03-15 19:03:53,594 - views: get_views_events - INFO: Функция получение JSON файла главной страницы - начата
2025-03-15 19:03:53,594 - views: get_views_events - INFO: Использует функцию src.utils.validate_and_format_date
2025-03-15 19:03:53,594 - views: get_views_events - INFO: Использует функцию src.utils.get_transactions_from_excel
2025-03-15 19:03:53,594 - views: get_views_events - INFO: Использует функцию src.utils.get_user_settings_from_json
2025-03-15 19:03:53,595 - views: get_views_events - INFO: Использует функцию src.utils.filter_operations_by_date
2025-03-15 19:03:53,597 - views: get_views_events - INFO: Использует функцию src.utils.get_expenses_report
2025-03-15 19:03:53,597 - views: get_views_events - INFO: Использует функцию src.utils.get_income_report
2025-03-15 19:03:53,597 - views: get_views_events - INFO: Использует функцию src.get_currencies_rates_in_rub
2025-03-15 19:03:53,597 - views: get_views_events - INFO: Использует функцию src.get_stocks_in_usd
2025-03-15 19:03:53,597 - views: get_views_events - INFO: Функция получение JSON файла страницы событий - выполнена
